Microchip MPLAB XC8 Compiler V1.44 ()

Linker command line:

-W3 --edf=C:\Program Files (x86)\Microchip\xc8\v1.44\dat\en_msgs.txt -cs \
  -h+dist/default/production\Boat_track.X.production.sym \
  --cmf=dist/default/production\Boat_track.X.production.cmf -z -Q16LF1825 \
  -oC:\Users\Nicolas\AppData\Local\Temp\s5o4.2 \
  -Mdist/default/production/Boat_track.X.production.map -E1 -ver=XC8 \
  -ASTACK=020C5h-02207h -pstack=STACK -ACODE=00h-07FFhx4 \
  -ASTRCODE=00h-01FFFh -ASTRING=00h-0FFhx32 -ACONST=00h-0FFhx32 \
  -AENTRY=00h-0FFhx32 -ACOMMON=070h-07Fh -ABANK0=020h-06Fh \
  -ABANK1=0A0h-0EFh -ABANK2=0120h-016Fh -ABANK3=01A0h-01EFh \
  -ABANK4=0220h-026Fh -ABANK5=02A0h-02EFh -ABANK6=0320h-036Fh \
  -ABANK7=03A0h-03EFh -ABANK8=0420h-046Fh -ABANK9=04A0h-04EFh \
  -ABANK10=0520h-056Fh -ABANK11=05A0h-05EFh -ABANK12=0620h-064Fh \
  -ABIGRAM=02000h-023EFh \
  -ARAM=020h-06Fh,0A0h-0EFh,0120h-016Fh,01A0h-01EFh,0220h-026Fh,02A0h-02EFh,0320h-036Fh,03A0h-03EFh,0420h-046Fh,04A0h-04EFh,0520h-056Fh,05A0h-05EFh,0620h-064Fh \
  -AABS1=020h-07Fh,0A0h-0EFh,0120h-016Fh,01A0h-01EFh,0220h-026Fh,02A0h-02EFh,0320h-036Fh,03A0h-03EFh,0420h-046Fh,04A0h-04EFh,0520h-056Fh,05A0h-05EFh,0620h-064Fh \
  -ASFR0=00h-01Fh -ASFR1=080h-09Fh -ASFR2=0100h-011Fh -ASFR3=0180h-019Fh \
  -ASFR4=0200h-021Fh -ASFR5=0280h-029Fh -ASFR6=0300h-031Fh \
  -ASFR7=0380h-039Fh -ASFR8=0400h-041Fh -ASFR9=0480h-049Fh \
  -ASFR10=0500h-051Fh -ASFR11=0580h-059Fh -ASFR12=0600h-061Fh \
  -ASFR13=0680h-06EFh -ASFR14=0700h-076Fh -ASFR15=0780h-07EFh \
  -ASFR16=0800h-086Fh -ASFR17=0880h-08EFh -ASFR18=0900h-096Fh \
  -ASFR19=0980h-09EFh -ASFR20=0A00h-0A6Fh -ASFR21=0A80h-0AEFh \
  -ASFR22=0B00h-0B6Fh -ASFR23=0B80h-0BEFh -ASFR24=0C00h-0C6Fh \
  -ASFR25=0C80h-0CEFh -ASFR26=0D00h-0D6Fh -ASFR27=0D80h-0DEFh \
  -ASFR28=0E00h-0E6Fh -ASFR29=0E80h-0EEFh -ASFR30=0F00h-0F6Fh \
  -ASFR31=0F80h-0FEFh -preset_vec=00h,intentry=04h,init,end_init \
  -ppowerup=CODE -pcinit=CODE -pfunctab=ENTRY -ACONFIG=08007h-08008h \
  -pconfig=CONFIG -DCONFIG=2 -AIDLOC=08000h-08003h -pidloc=IDLOC -DIDLOC=2 \
  -AEEDATA=00h-0FFh/0F000h -peeprom_data=EEDATA -DEEDATA=2 -DCODE=2 \
  -DSTRCODE=2 -DSTRING=2 -DCONST=2 -DENTRY=2 -k \
  C:\Users\Nicolas\AppData\Local\Temp\s5o4.obj \
  dist/default/production\Boat_track.X.production.obj 

Object code version is 3.11

Machine type is 16LF1825



                Name                               Link     Load   Length Selector   Space Scale
C:\Users\Nicolas\AppData\Local\Temp\s5o4.obj
                end_init                             25       25        2        8       0
                reset_vec                             0        0        2        0       0
                config                             8007     8007        2    1000E       0
dist/default/production\Boat_track.X.production.obj
                cinit                                27       27      67E        8       0
                intentry                              4        4       21        8       0
                text25                             10FA     10FA      706     21F4       0
                text2                               85C      85C      7A4     10B8       0
                cstackBANK0                          20       20       50       20       1
                cstackCOMMON                         70       70        B       70       1
                cstackBANK1                          A0       A0       50       A0       1
                cstackBANK2                         120      120       22      120       1
                clrtext                             6A5      6A5        C        8       0
                bssBANK2                            142      142        3      120       1
                bssCOMMON                            7B       7B        1       70       1
                stringtext15                       190C     190C        3     3000       0
                stringtext14                       1907     1907        5     3000       0
                stringtext13                       1901     1901        6     3000       0
                stringtext12                       18FA     18FA        7     3000       0
                stringtext11                       18F3     18F3        7     3000       0
                stringtext10                       18EC     18EC        7     3000       0
                stringtext9                        18E5     18E5        7     3000       0
                stringtext8                        1800     1800       2F     3000       0
                stringtext7                        18CB     18CB       1A     3000       0
                stringtext6                        18B1     18B1       1A     3000       0
                stringtext5                        1897     1897       1A     3000       0
                stringtext4                        187D     187D       1A     3000       0
                stringtext3                        1863     1863       1A     3000       0
                stringtext2                        1849     1849       1A     3000       0
                stringtext1                        182F     182F       1A     3000       0

TOTAL           Name                               Link     Load   Length     Space
        CLASS   STACK          

        CLASS   CODE           
                end_init                             25       25        2         0
                cinit                                27       27      67E         0
                intentry                              4        4       21         0
                reset_vec                             0        0        2         0
                text25                             10FA     10FA      706         0
                text2                               85C      85C      7A4         0
                clrtext                             6A5      6A5        C         0

        CLASS   STRCODE        
                stringtext15                       190C     190C        3         0
                stringtext14                       1907     1907        5         0
                stringtext13                       1901     1901        6         0
                stringtext12                       18FA     18FA        7         0
                stringtext11                       18F3     18F3        7         0
                stringtext10                       18EC     18EC        7         0
                stringtext9                        18E5     18E5        7         0
                stringtext8                        1800     1800       2F         0
                stringtext7                        18CB     18CB       1A         0
                stringtext6                        18B1     18B1       1A         0
                stringtext5                        1897     1897       1A         0
                stringtext4                        187D     187D       1A         0
                stringtext3                        1863     1863       1A         0
                stringtext2                        1849     1849       1A         0
                stringtext1                        182F     182F       1A         0

        CLASS   STRING         

        CLASS   CONST          

        CLASS   ENTRY          

        CLASS   COMMON         
                cstackCOMMON                         70       70        B         1
                bssCOMMON                            7B       7B        1         1

        CLASS   BANK0          
                cstackBANK0                          20       20       50         1

        CLASS   BANK1          
                cstackBANK1                          A0       A0       50         1

        CLASS   BANK2          
                cstackBANK2                         120      120       22         1
                bssBANK2                            142      142        3         1

        CLASS   BANK3          

        CLASS   BANK4          

        CLASS   BANK5          

        CLASS   BANK6          

        CLASS   BANK7          

        CLASS   BANK8          

        CLASS   BANK9          

        CLASS   BANK10         

        CLASS   BANK11         

        CLASS   BANK12         

        CLASS   BIGRAM         

        CLASS   RAM            

        CLASS   ABS1           
                abs_s1                               7E       7E        2         1
                abs_s1                              348      348       28         1
                abs_s1                              3A0      3A0       50         1
                abs_s1                              420      420       50         1
                abs_s1                              4A0      4A0       50         1
                abs_s1                              520      520       50         1
                abs_s1                              5A0      5A0       50         1
                abs_s1                              620      620       30         1
                abs_s1                             2208     2208        0         1
                abs_s1                             22C8     22C8        0         1
                abs_s1                             232C     232C        0         1
                abs_s1                             2390     2390        0         1

        CLASS   SFR0           

        CLASS   SFR1           

        CLASS   SFR2           

        CLASS   SFR3           

        CLASS   SFR4           

        CLASS   SFR5           

        CLASS   SFR6           

        CLASS   SFR7           

        CLASS   SFR8           

        CLASS   SFR9           

        CLASS   SFR10          

        CLASS   SFR11          

        CLASS   SFR12          

        CLASS   SFR13          

        CLASS   SFR14          

        CLASS   SFR15          

        CLASS   SFR16          

        CLASS   SFR17          

        CLASS   SFR18          

        CLASS   SFR19          

        CLASS   SFR20          

        CLASS   SFR21          

        CLASS   SFR22          

        CLASS   SFR23          

        CLASS   SFR24          

        CLASS   SFR25          

        CLASS   SFR26          

        CLASS   SFR27          

        CLASS   SFR28          

        CLASS   SFR29          

        CLASS   SFR30          

        CLASS   SFR31          

        CLASS   CONFIG         
                config                             8007     8007        2         0

        CLASS   IDLOC          

        CLASS   EEDATA         

        CLASS   BANK31         

        CLASS   BANK30         

        CLASS   BANK29         

        CLASS   BANK28         

        CLASS   BANK27         

        CLASS   BANK26         

        CLASS   BANK25         

        CLASS   BANK24         

        CLASS   BANK23         

        CLASS   BANK22         

        CLASS   BANK21         

        CLASS   BANK20         

        CLASS   BANK19         

        CLASS   BANK18         

        CLASS   BANK17         

        CLASS   BANK16         

        CLASS   BANK15         

        CLASS   BANK14         

        CLASS   BANK13         



SEGMENTS        Name                           Load    Length   Top    Selector   Space  Class     Delta

                reset_vec                      000000  000002  000002         0       0  CODE        2
                intentry                       000004  0006AD  0006B1         8       0  CODE        2
                cstackBANK0                    000020  000050  000070        20       1  BANK0       1
                cstackCOMMON                   000070  00000C  00007C        70       1  COMMON      1
                cstackBANK1                    0000A0  000050  0000F0        A0       1  BANK1       1
                cstackBANK2                    000120  000025  000145       120       1  BANK2       1
                text2                          00085C  0007A4  001000      10B8       0  CODE        2
                text25                         0010FA  000706  001800      21F4       0  CODE        2
                stringtext8                    001800  00010F  00190F      3000       0  STRCODE     2
                config                         008007  000002  008009     1000E       0  CONFIG      2


UNUSED ADDRESS RANGES

        Name                Unused          Largest block    Delta
        BANK2            00145-0016F              2B           1
        BANK3            001A0-001EF              50           1
        BANK4            00220-0026F              50           1
        BANK5            002A0-002EF              50           1
        BANK6            00320-00347              28           1
        BIGRAM           02000-023EF             3F0           1
        CODE             00002-00003               2           2
                         006B1-0085B             14F
                         01000-010F9              FA
                         0190F-01FFF             6F1
        COMMON           0007C-0007D               2           1
        CONST            00002-00003               2           2
                         006B1-0085B             100
                         01000-010F9              FA
                         0190F-01FFF             100
        EEDATA           0F000-0F0FF             100           2
        ENTRY            00002-00003               2           2
                         006B1-0085B             100
                         01000-010F9              FA
                         0190F-01FFF             100
        IDLOC            08000-08003               4           2
        RAM              00145-0016F              2B           1
                         001A0-001EF              50
                         00220-0026F              50
                         002A0-002EF              50
                         00320-00347              28
        SFR0             00000-0001F              20           1
        SFR1             00080-0009F              20           1
        SFR10            00500-0051F              20           1
        SFR11            00580-0059F              20           1
        SFR12            00600-0061F              20           1
        SFR13            00680-006EF              70           1
        SFR14            00700-0076F              70           1
        SFR15            00780-007EF              70           1
        SFR16            00800-0086F              70           1
        SFR17            00880-008EF              70           1
        SFR18            00900-0096F              70           1
        SFR19            00980-009EF              70           1
        SFR2             00100-0011F              20           1
        SFR20            00A00-00A6F              70           1
        SFR21            00A80-00AEF              70           1
        SFR22            00B00-00B6F              70           1
        SFR23            00B80-00BEF              70           1
        SFR24            00C00-00C6F              70           1
        SFR25            00C80-00CEF              70           1
        SFR26            00D00-00D6F              70           1
        SFR27            00D80-00DEF              70           1
        SFR28            00E00-00E6F              70           1
        SFR29            00E80-00EEF              70           1
        SFR3             00180-0019F              20           1
        SFR30            00F00-00F6F              70           1
        SFR31            00F80-00FEF              70           1
        SFR4             00200-0021F              20           1
        SFR5             00280-0029F              20           1
        SFR6             00300-0031F              20           1
        SFR7             00380-0039F              20           1
        SFR8             00400-0041F              20           1
        SFR9             00480-0049F              20           1
        STACK            020C5-02207             143           1
        STRCODE          00002-00003               2           2
                         006B1-0085B             1AB
                         01000-010F9              FA
                         0190F-01FFF             6F1
        STRING           00002-00003               2           2
                         006B1-0085B             100
                         01000-010F9              FA
                         0190F-01FFF             100

                                  Symbol Table

?_ADC_Read                             cstackCOMMON 00072
?___altoft                             cstackBANK0  00020
?___awdiv                              cstackCOMMON 00072
?___ftadd                              cstackBANK0  00041
?___ftdiv                              cstackBANK0  00032
?___ftmul                              cstackBANK0  00023
?___ftneg                              cstackCOMMON 00072
?___ftpack                             cstackCOMMON 00072
?___fttol                              cstackBANK0  0004D
?___lmul                               cstackCOMMON 00072
?___lwdiv                              cstackCOMMON 00072
?___lwmod                              cstackCOMMON 00072
?___lwtoft                             cstackBANK0  00020
?___wmul                               cstackCOMMON 00072
?_atof                                 cstackBANK0  0004B
?_atoi                                 cstackCOMMON 00078
?_strncmp                              cstackCOMMON 00072
?_strtod                               cstackBANK0  00041
?_xtoi                                 cstackCOMMON 00076
ADC_Read@adc_value                     cstackCOMMON 00079
ADC_Read@channel                       cstackCOMMON 00076
ADC_Read@i                             cstackCOMMON 00077
Delay_100ms@duree                      cstackCOMMON 00072
Delay_100ms@i                          cstackCOMMON 00075
Envoi_message@Latitude                 cstackBANK0  0005E
Envoi_message@Longitude                cstackBANK0  0005A
Envoi_message@Vbackup                  cstackBANK0  00065
Envoi_message@Vsolar                   cstackBANK0  00063
Envoi_message@cap                      cstackBANK0  0006A
Envoi_message@day_status               cstackBANK0  00067
Envoi_message@dop                      cstackBANK0  00062
Envoi_message@i                        cstackBANK0  0006C
Envoi_message@i2                       cstackBANK0  0006B
Envoi_message@timeout                  cstackBANK0  00068
Envoi_message@vitesse                  cstackBANK0  00069
Envoi_message_Erreur@Vbackup           cstackBANK0  0005C
Envoi_message_Erreur@Vsolar            cstackBANK0  0005A
Envoi_message_Erreur@day_status        cstackBANK0  0005E
Envoi_message_Erreur@i                 cstackCOMMON 0007A
Envoi_message_Erreur@raison            cstackBANK0  0005F
Envoi_message_service@VBackup_max      cstackBANK0  00060
Envoi_message_service@VBackup_min      cstackBANK0  0005F
Envoi_message_service@actual_temp      cstackBANK0  0005A
Envoi_message_service@i                cstackBANK0  00065
Envoi_message_service@i2               cstackBANK0  00063
Envoi_message_service@nb_slot_protec   cstackBANK0  00064
Envoi_message_service@sw_version       cstackBANK0  0005E
Envoi_message_service@temp_max         cstackBANK0  0005C
Envoi_message_service@temp_min         cstackBANK0  0005B
Envoi_message_service@temp_moy         cstackBANK0  0005D
Measure_Vdd_VSolar_VBackup@ADC_data    cstackBANK0  0004C
Measure_Vdd_VSolar_VBackup@ADC_data1   cstackBANK0  00048
Measure_Vdd_VSolar_VBackup@ADC_data2   cstackBANK0  0004A
Measure_Vdd_VSolar_VBackup@VBackup     cstackBANK0  00042
Measure_Vdd_VSolar_VBackup@VBackup_max cstackBANK0  00044
Measure_Vdd_VSolar_VBackup@VBackup_min cstackBANK0  00043
Measure_Vdd_VSolar_VBackup@VSolar      cstackBANK0  00041
Measure_Vdd_VSolar_VBackup@Vdd         cstackBANK0  0004E
PL10                                   cinit        005AC
PL100                                  text2        00F9C
PL102                                  text25       017A3
PL104                                  cinit        00639
PL106                                  text2        00FA2
PL108                                  cinit        00642
PL110                                  text2        00FAB
PL112                                  text25       017A9
PL114                                  text2        00FB3
PL116                                  text2        00FBB
PL118                                  text2        00FC3
PL12                                   text2        00F05
PL120                                  text25       017B1
PL122                                  text25       017B9
PL124                                  text2        00FCB
PL126                                  text25       017BF
PL128                                  text2        00FD1
PL130                                  cinit        00647
PL132                                  text2        00A2F
PL134                                  text25       017C6
PL136                                  text25       017CD
PL138                                  text2        00FD8
PL14                                   cinit        005C3
PL140                                  text25       017D4
PL142                                  text25       017DB
PL144                                  text2        00FDF
PL146                                  cinit        0064E
PL148                                  text2        00FE6
PL150                                  cinit        00654
PL152                                  text25       017E2
PL154                                  text2        00A36
PL156                                  cinit        00659
PL158                                  cinit        0065F
PL16                                   text2        00F11
PL160                                  text25       017E8
PL162                                  text2        00FEC
PL164                                  text2        00A3C
PL166                                  text25       017EE
PL168                                  text2        00FF1
PL170                                  text2        00A42
PL172                                  text25       017F3
PL174                                  text2        00A47
PL176                                  text2        00FF6
PL178                                  text25       017F7
PL18                                   text2        00F1B
PL180                                  text2        00A4C
PL182                                  text2        00FFB
PL184                                  text25       017FC
PL186                                  text2        00A51
PL2                                    text2        00EAB
PL20                                   cinit        005D6
PL22                                   text2        009EC
PL24                                   text2        00F24
PL26                                   cinit        005E3
PL28                                   text2        009F5
PL30                                   text2        00F2C
PL32                                   text25       01722
PL34                                   cinit        005EC
PL36                                   text2        00F36
PL38                                   cinit        005F8
PL4                                    text2        00ED1
PL40                                   cinit        00600
PL42                                   cinit        00609
PL44                                   cinit        00612
PL46                                   text2        00F49
PL48                                   text25       0172F
PL50                                   text25       01739
PL52                                   text2        00F59
PL54                                   text2        00F63
PL56                                   text25       01743
PL58                                   text2        00F6B
PL6                                    text2        00EF6
PL60                                   cinit        0061A
PL62                                   cinit        00620
PL64                                   text2        00A0E
PL66                                   cinit        0062C
PL68                                   text25       01752
PL70                                   text25       01759
PL72                                   text25       01765
PL74                                   text2        00F71
PL76                                   text25       01771
PL78                                   text2        00F77
PL8                                    text2        00EFD
PL80                                   text25       01777
PL82                                   text2        00F83
PL84                                   text25       0177E
PL86                                   text25       01786
PL88                                   text25       01791
PL90                                   text2        00F8A
PL92                                   text2        00A1B
PL94                                   text2        00A25
PL96                                   text25       0179C
PL98                                   text2        00F95
Processing_Temperature@actual_temp     cstackBANK0  0002E
Processing_Temperature@index_temp_old  cstackBANK0  00026
Processing_Temperature@tab_temp        cstackBANK0  00025
Processing_Temperature@temp            cstackBANK0  0002D
Processing_Temperature@temp_max        cstackBANK0  00023
Processing_Temperature@temp_min        cstackBANK0  00022
Processing_Temperature@temp_moy        cstackBANK0  00024
Recuperer_Temp@cpt_timeout             cstackBANK0  00021
Recuperer_Temp@temp                    cstackBANK0  00020
Reinit_trame_GPS@i                     cstackCOMMON 00078
Reinit_trame_GPS@j                     cstackCOMMON 00079
UART_Frame_Received@c                  cstackCOMMON 00077
UART_Frame_Received@flag               cstackCOMMON 00079
UART_Frame_Received@rd_ptr_temp        cstackCOMMON 0007A
UART_Frame_Received@temp               cstackCOMMON 00078
UART_Get_Next_Char@temp                cstackCOMMON 00074
UART_RX_Buffers_Init@i                 cstackCOMMON 00074
UART_Transmit_one_char@tx              cstackCOMMON 00072
UART_Transmit_string@a                 cstackCOMMON 00077
UART_Transmit_string@tx                cstackCOMMON 00072
_ADCON0                                (abs)        0009D
_ADCON0bits                            (abs)        0009D
_ADCON1                                (abs)        0009E
_ADC_Read                              text25       0168D
_ADRESH                                (abs)        0009C
_ADRESL                                (abs)        0009B
_ANSELA                                (abs)        0018C
_ANSELC                                (abs)        0018E
_APFCON0bits                           (abs)        0011D
_BAUDCONbits                           (abs)        0019F
_Delay_100ms                           cinit        004E0
_Envoi_message                         text25       01359
_Envoi_message_Erreur                  text25       01232
_Envoi_message_service                 text25       01294
_FVRCON                                (abs)        00117
_GGA_OFF                               stringtext4  0187D
_GGA_ON                                stringtext3  01863
_GGL                                   stringtext8  01800
_GSA                                   stringtext7  018CB
_GSV                                   stringtext6  018B1
_INTCONbits                            (abs)        0000B
_LATA0                                 (abs)        00860
_LATA2                                 (abs)        00862
_LATA4                                 (abs)        00864
_LATA5                                 (abs)        00865
_LATC0                                 (abs)        00870
_LATC1                                 (abs)        00871
_LATC4                                 (abs)        00874
_LATC5                                 (abs)        00875
_Measure_Vdd_VSolar_VBackup            text25       01582
_OSCCONbits                            (abs)        00099
_OSCSTATbits                           (abs)        0009A
_PIE1                                  (abs)        00091
_PIE1bits                              (abs)        00091
_PIE2                                  (abs)        00092
_Processing_Temperature                text25       010FA
_RCIF                                  (abs)        0008D
_RCREG                                 (abs)        00199
_RCSTAbits                             (abs)        0019D
_RMC                                   stringtext5  01897
_Recuperer_Temp                        text25       0119B
_Reinit_trame_GPS                      text2        00A7F
_SPBRGH                                (abs)        0019C
_SPBRGL                                (abs)        0019B
_TRISA0                                (abs)        00460
_TRISA1                                (abs)        00461
_TRISA2                                (abs)        00462
_TRISA4                                (abs)        00464
_TRISA5                                (abs)        00465
_TRISC0                                (abs)        00470
_TRISC1                                (abs)        00471
_TRISC2                                (abs)        00472
_TRISC3                                (abs)        00473
_TRISC4                                (abs)        00474
_TRISC5                                (abs)        00475
_TXREG                                 (abs)        0019A
_TXSTAbits                             (abs)        0019E
_UART_Frame_Received                   cinit        0052F
_UART_Get_Next_Char                    cinit        00582
_UART_RX_Buffers_Init                  text25       0149F
_UART_RX_RD_ptr                        bssBANK2     00144
_UART_RX_WR_ptr                        bssCOMMON    0007B
_UART_Transmit_one_char                text25       01498
_UART_Transmit_string                  text25       014C5
_UART_buffer_RX                        (abs)        0232C
_VTG_OFF                               stringtext2  01849
_VTG_ON                                stringtext1  0182F
_WDTCONbits                            (abs)        00097
__CFG_BOREN$OFF                        (abs)        00000
__CFG_BORV$LO                          (abs)        00000
__CFG_CLKOUTEN$OFF                     (abs)        00000
__CFG_CP$OFF                           (abs)        00000
__CFG_CPD$ON                           (abs)        00000
__CFG_FCMEN$ON                         (abs)        00000
__CFG_FOSC$INTOSC                      (abs)        00000
__CFG_IESO$ON                          (abs)        00000
__CFG_LVP$ON                           (abs)        00000
__CFG_MCLRE$ON                         (abs)        00000
__CFG_PLLEN$OFF                        (abs)        00000
__CFG_PWRTE$OFF                        (abs)        00000
__CFG_STVREN$ON                        (abs)        00000
__CFG_WDTE$SWDTEN                      (abs)        00000
__CFG_WRT$OFF                          (abs)        00000
__Habs1                                abs1         00000
__Hbank0                               bank0        00000
__Hbank1                               bank1        00000
__Hbank10                              bank10       00000
__Hbank11                              bank11       00000
__Hbank12                              bank12       00000
__Hbank13                              bank13       00000
__Hbank14                              bank14       00000
__Hbank15                              bank15       00000
__Hbank16                              bank16       00000
__Hbank17                              bank17       00000
__Hbank18                              bank18       00000
__Hbank19                              bank19       00000
__Hbank2                               bank2        00000
__Hbank20                              bank20       00000
__Hbank21                              bank21       00000
__Hbank22                              bank22       00000
__Hbank23                              bank23       00000
__Hbank24                              bank24       00000
__Hbank25                              bank25       00000
__Hbank26                              bank26       00000
__Hbank27                              bank27       00000
__Hbank28                              bank28       00000
__Hbank29                              bank29       00000
__Hbank3                               bank3        00000
__Hbank30                              bank30       00000
__Hbank31                              bank31       00000
__Hbank4                               bank4        00000
__Hbank5                               bank5        00000
__Hbank6                               bank6        00000
__Hbank7                               bank7        00000
__Hbank8                               bank8        00000
__Hbank9                               bank9        00000
__Hbigram                              bigram       00000
__HbssBANK2                            bssBANK2     00000
__HbssCOMMON                           bssCOMMON    00000
__Hcinit                               cinit        006A5
__Hclrtext                             clrtext      00000
__Hcode                                code         00000
__Hcommon                              common       00000
__Hconfig                              config       08009
__HcstackBANK0                         cstackBANK0  00000
__HcstackBANK1                         cstackBANK1  00000
__HcstackBANK2                         cstackBANK2  00000
__HcstackCOMMON                        cstackCOMMON 00000
__Heeprom_data                         eeprom_data  00000
__Hend_init                            end_init     00027
__Hfunctab                             functab      00000
__Hidloc                               idloc        00000
__Hinit                                init         00025
__Hintentry                            intentry     00025
__Hmaintext                            maintext     00000
__Hpa_nodes0                           pa_nodes0    00000
__Hpowerup                             powerup      00000
__Hram                                 ram          00000
__Hreset_vec                           reset_vec    00002
__Hsfr0                                sfr0         00000
__Hsfr1                                sfr1         00000
__Hsfr10                               sfr10        00000
__Hsfr11                               sfr11        00000
__Hsfr12                               sfr12        00000
__Hsfr13                               sfr13        00000
__Hsfr14                               sfr14        00000
__Hsfr15                               sfr15        00000
__Hsfr16                               sfr16        00000
__Hsfr17                               sfr17        00000
__Hsfr18                               sfr18        00000
__Hsfr19                               sfr19        00000
__Hsfr2                                sfr2         00000
__Hsfr20                               sfr20        00000
__Hsfr21                               sfr21        00000
__Hsfr22                               sfr22        00000
__Hsfr23                               sfr23        00000
__Hsfr24                               sfr24        00000
__Hsfr25                               sfr25        00000
__Hsfr26                               sfr26        00000
__Hsfr27                               sfr27        00000
__Hsfr28                               sfr28        00000
__Hsfr29                               sfr29        00000
__Hsfr3                                sfr3         00000
__Hsfr30                               sfr30        00000
__Hsfr31                               sfr31        00000
__Hsfr4                                sfr4         00000
__Hsfr5                                sfr5         00000
__Hsfr6                                sfr6         00000
__Hsfr7                                sfr7         00000
__Hsfr8                                sfr8         00000
__Hsfr9                                sfr9         00000
__Hspace_0                             (abs)        08009
__Hspace_1                             (abs)        00145
__Hspace_2                             (abs)        00000
__Hspace_3                             (abs)        00000
__Hstack                               stack        00000
__Hstrings                             strings      00000
__Hstringtext1                         stringtext1  00000
__Hstringtext10                        stringtext10 00000
__Hstringtext11                        stringtext11 00000
__Hstringtext12                        stringtext12 00000
__Hstringtext13                        stringtext13 00000
__Hstringtext14                        stringtext14 00000
__Hstringtext15                        stringtext15 00000
__Hstringtext16                        stringtext16 00000
__Hstringtext2                         stringtext2  00000
__Hstringtext3                         stringtext3  00000
__Hstringtext4                         stringtext4  00000
__Hstringtext5                         stringtext5  00000
__Hstringtext6                         stringtext6  00000
__Hstringtext7                         stringtext7  00000
__Hstringtext8                         stringtext8  00000
__Hstringtext9                         stringtext9  00000
__Htext                                text         00000
__Labs1                                abs1         00000
__Lbank0                               bank0        00000
__Lbank1                               bank1        00000
__Lbank10                              bank10       00000
__Lbank11                              bank11       00000
__Lbank12                              bank12       00000
__Lbank13                              bank13       00000
__Lbank14                              bank14       00000
__Lbank15                              bank15       00000
__Lbank16                              bank16       00000
__Lbank17                              bank17       00000
__Lbank18                              bank18       00000
__Lbank19                              bank19       00000
__Lbank2                               bank2        00000
__Lbank20                              bank20       00000
__Lbank21                              bank21       00000
__Lbank22                              bank22       00000
__Lbank23                              bank23       00000
__Lbank24                              bank24       00000
__Lbank25                              bank25       00000
__Lbank26                              bank26       00000
__Lbank27                              bank27       00000
__Lbank28                              bank28       00000
__Lbank29                              bank29       00000
__Lbank3                               bank3        00000
__Lbank30                              bank30       00000
__Lbank31                              bank31       00000
__Lbank4                               bank4        00000
__Lbank5                               bank5        00000
__Lbank6                               bank6        00000
__Lbank7                               bank7        00000
__Lbank8                               bank8        00000
__Lbank9                               bank9        00000
__Lbigram                              bigram       00000
__LbssBANK2                            bssBANK2     00000
__LbssCOMMON                           bssCOMMON    00000
__Lcinit                               cinit        00027
__Lclrtext                             clrtext      00000
__Lcode                                code         00000
__Lcommon                              common       00000
__Lconfig                              config       08007
__LcstackBANK0                         cstackBANK0  00000
__LcstackBANK1                         cstackBANK1  00000
__LcstackBANK2                         cstackBANK2  00000
__LcstackCOMMON                        cstackCOMMON 00000
__Leeprom_data                         eeprom_data  00000
__Lend_init                            end_init     00025
__Lfunctab                             functab      00000
__Lidloc                               idloc        00000
__Linit                                init         00025
__Lintentry                            intentry     00004
__Lmaintext                            maintext     00000
__Lpa_nodes0                           pa_nodes0    00000
__Lpowerup                             powerup      00000
__Lram                                 ram          00000
__Lreset_vec                           reset_vec    00000
__Lsfr0                                sfr0         00000
__Lsfr1                                sfr1         00000
__Lsfr10                               sfr10        00000
__Lsfr11                               sfr11        00000
__Lsfr12                               sfr12        00000
__Lsfr13                               sfr13        00000
__Lsfr14                               sfr14        00000
__Lsfr15                               sfr15        00000
__Lsfr16                               sfr16        00000
__Lsfr17                               sfr17        00000
__Lsfr18                               sfr18        00000
__Lsfr19                               sfr19        00000
__Lsfr2                                sfr2         00000
__Lsfr20                               sfr20        00000
__Lsfr21                               sfr21        00000
__Lsfr22                               sfr22        00000
__Lsfr23                               sfr23        00000
__Lsfr24                               sfr24        00000
__Lsfr25                               sfr25        00000
__Lsfr26                               sfr26        00000
__Lsfr27                               sfr27        00000
__Lsfr28                               sfr28        00000
__Lsfr29                               sfr29        00000
__Lsfr3                                sfr3         00000
__Lsfr30                               sfr30        00000
__Lsfr31                               sfr31        00000
__Lsfr4                                sfr4         00000
__Lsfr5                                sfr5         00000
__Lsfr6                                sfr6         00000
__Lsfr7                                sfr7         00000
__Lsfr8                                sfr8         00000
__Lsfr9                                sfr9         00000
__Lspace_0                             (abs)        00000
__Lspace_1                             (abs)        00000
__Lspace_2                             (abs)        00000
__Lspace_3                             (abs)        00000
__Lstack                               stack        00000
__Lstrings                             strings      00000
__Lstringtext1                         stringtext1  00000
__Lstringtext10                        stringtext10 00000
__Lstringtext11                        stringtext11 00000
__Lstringtext12                        stringtext12 00000
__Lstringtext13                        stringtext13 00000
__Lstringtext14                        stringtext14 00000
__Lstringtext15                        stringtext15 00000
__Lstringtext16                        stringtext16 00000
__Lstringtext2                         stringtext2  00000
__Lstringtext3                         stringtext3  00000
__Lstringtext4                         stringtext4  00000
__Lstringtext5                         stringtext5  00000
__Lstringtext6                         stringtext6  00000
__Lstringtext7                         stringtext7  00000
__Lstringtext8                         stringtext8  00000
__Lstringtext9                         stringtext9  00000
__Ltext                                text         00000
__S0                                   (abs)        08009
__S1                                   (abs)        00145
__S2                                   (abs)        00000
__S3                                   (abs)        00000
___altoft                              text2        00C28
___altoft@c                            cstackBANK0  00020
___altoft@exp                          cstackBANK0  00024
___altoft@sign                         cstackBANK0  00025
___awdiv                               cinit        00665
___awdiv@counter                       cstackCOMMON 00076
___awdiv@dividend                      cstackCOMMON 00074
___awdiv@divisor                       cstackCOMMON 00072
___awdiv@quotient                      cstackCOMMON 00078
___awdiv@sign                          cstackCOMMON 00077
___bmul                                text25       01716
___bmul@multiplicand                   cstackCOMMON 00072
___bmul@multiplier                     cstackCOMMON 00074
___bmul@product                        cstackCOMMON 00073
___ftadd                               text25       014D4
___ftadd@exp1                          cstackBANK0  0004C
___ftadd@exp2                          cstackBANK0  0004B
___ftadd@f1                            cstackBANK0  00041
___ftadd@f2                            cstackBANK0  00044
___ftadd@sign                          cstackBANK0  0004A
___ftdiv                               text25       0143C
___ftdiv@cntr                          cstackBANK0  0003B
___ftdiv@exp                           cstackBANK0  0003F
___ftdiv@f1                            cstackBANK0  00035
___ftdiv@f2                            cstackBANK0  00032
___ftdiv@f3                            cstackBANK0  0003C
___ftdiv@sign                          cstackBANK0  00040
___ftge                                cinit        004B4
___ftge@ff1                            cstackCOMMON 00072
___ftge@ff2                            cstackCOMMON 00075
___ftmul                               text25       01631
___ftmul@cntr                          cstackBANK0  00030
___ftmul@exp                           cstackBANK0  0002C
___ftmul@f1                            cstackBANK0  00023
___ftmul@f2                            cstackBANK0  00026
___ftmul@f3_as_product                 cstackBANK0  0002D
___ftmul@sign                          cstackBANK0  00031
___ftneg                               text2        00EA3
___ftneg@f1                            cstackCOMMON 00072
___ftpack                              text25       016D8
___ftpack@arg                          cstackCOMMON 00072
___ftpack@exp                          cstackCOMMON 00075
___ftpack@sign                         cstackCOMMON 00076
___fttol                               cinit        0045F
___fttol@exp1                          cstackBANK0  00059
___fttol@f1                            cstackBANK0  0004D
___fttol@lval                          cstackBANK0  00055
___fttol@sign1                         cstackBANK0  00054
___int_sp                              stack        00000
___latbits                             (abs)        00002
___lmul                                text2        00DFC
___lmul@multiplicand                   cstackCOMMON 00076
___lmul@multiplier                     cstackCOMMON 00072
___lmul@product                        cstackBANK0  00020
___lwdiv                               cinit        0050A
___lwdiv@counter                       cstackCOMMON 00076
___lwdiv@dividend                      cstackCOMMON 00074
___lwdiv@divisor                       cstackCOMMON 00072
___lwdiv@quotient                      cstackCOMMON 00077
___lwmod                               cinit        00562
___lwmod@counter                       cstackCOMMON 00076
___lwmod@dividend                      cstackCOMMON 00074
___lwmod@divisor                       cstackCOMMON 00072
___lwtoft                              text25       014B5
___lwtoft@c                            cstackBANK0  00020
___sp                                  stack        00000
___wmul                                text2        00E8E
___wmul@multiplicand                   cstackCOMMON 00074
___wmul@multiplier                     cstackCOMMON 00072
___wmul@product                        cstackCOMMON 00076
__end_ofPL10                           cinit        005C3
__end_ofPL100                          text2        00FA2
__end_ofPL102                          text25       017A9
__end_ofPL104                          cinit        00642
__end_ofPL106                          text2        00FAB
__end_ofPL108                          cinit        00647
__end_ofPL110                          text2        00FB3
__end_ofPL112                          text25       017B1
__end_ofPL114                          text2        00FBB
__end_ofPL116                          text2        00FC3
__end_ofPL118                          text2        00FCB
__end_ofPL12                           text2        00F11
__end_ofPL120                          text25       017B9
__end_ofPL122                          text25       017BF
__end_ofPL124                          text2        00FD1
__end_ofPL126                          text25       017C6
__end_ofPL128                          text2        00FD8
__end_ofPL130                          cinit        0064E
__end_ofPL132                          text2        00A36
__end_ofPL134                          text25       017CD
__end_ofPL136                          text25       017D4
__end_ofPL138                          text2        00FDF
__end_ofPL14                           cinit        005D6
__end_ofPL140                          text25       017DB
__end_ofPL142                          text25       017E2
__end_ofPL144                          text2        00FE6
__end_ofPL146                          cinit        00654
__end_ofPL148                          text2        00FEC
__end_ofPL150                          cinit        00659
__end_ofPL152                          text25       017E8
__end_ofPL154                          text2        00A3C
__end_ofPL156                          cinit        0065F
__end_ofPL158                          cinit        00665
__end_ofPL16                           text2        00F1B
__end_ofPL160                          text25       017EE
__end_ofPL162                          text2        00FF1
__end_ofPL164                          text2        00A42
__end_ofPL166                          text25       017F3
__end_ofPL168                          text2        00FF6
__end_ofPL170                          text2        00A47
__end_ofPL172                          text25       017F7
__end_ofPL174                          text2        00A4C
__end_ofPL176                          text2        00FFB
__end_ofPL178                          text25       017FC
__end_ofPL18                           text2        00F24
__end_ofPL180                          text2        00A51
__end_ofPL182                          text2        01000
__end_ofPL184                          text25       01800
__end_ofPL186                          text2        00A56
__end_ofPL2                            text2        00ED1
__end_ofPL20                           cinit        005E3
__end_ofPL22                           text2        009F5
__end_ofPL24                           text2        00F2C
__end_ofPL26                           cinit        005EC
__end_ofPL28                           text2        00A0E
__end_ofPL30                           text2        00F36
__end_ofPL32                           text25       0172F
__end_ofPL34                           cinit        005F8
__end_ofPL36                           text2        00F49
__end_ofPL38                           cinit        00600
__end_ofPL4                            text2        00EF6
__end_ofPL40                           cinit        00609
__end_ofPL42                           cinit        00612
__end_ofPL44                           cinit        0061A
__end_ofPL46                           text2        00F59
__end_ofPL48                           text25       01739
__end_ofPL50                           text25       01743
__end_ofPL52                           text2        00F63
__end_ofPL54                           text2        00F6B
__end_ofPL56                           text25       01752
__end_ofPL58                           text2        00F71
__end_ofPL6                            text2        00EFD
__end_ofPL60                           cinit        00620
__end_ofPL62                           cinit        0062C
__end_ofPL64                           text2        00A1B
__end_ofPL66                           cinit        00639
__end_ofPL68                           text25       01759
__end_ofPL70                           text25       01765
__end_ofPL72                           text25       01771
__end_ofPL74                           text2        00F77
__end_ofPL76                           text25       01777
__end_ofPL78                           text2        00F83
__end_ofPL8                            text2        00F05
__end_ofPL80                           text25       0177E
__end_ofPL82                           text2        00F8A
__end_ofPL84                           text25       01786
__end_ofPL86                           text25       01791
__end_ofPL88                           text25       0179C
__end_ofPL90                           text2        00F95
__end_ofPL92                           text2        00A25
__end_ofPL94                           text2        00A2F
__end_ofPL96                           text25       017A3
__end_ofPL98                           text2        00F9C
__end_of_ADC_Read                      text25       016D8
__end_of_Delay_100ms                   cinit        0050A
__end_of_Envoi_message                 text25       0141E
__end_of_Envoi_message_Erreur          text25       01294
__end_of_Envoi_message_service         text25       01359
__end_of_GGA_OFF                       stringtext4  01897
__end_of_GGA_ON                        stringtext3  0187D
__end_of_GGL                           stringtext8  0181A
__end_of_GSA                           stringtext7  018E5
__end_of_GSV                           stringtext6  018CB
__end_of_Measure_Vdd_VSolar_VBackup    text25       01631
__end_of_Processing_Temperature        text25       01180
__end_of_RMC                           stringtext5  018B1
__end_of_Recuperer_Temp                text25       01204
__end_of_Reinit_trame_GPS              text2        00AA5
__end_of_UART_Frame_Received           cinit        00562
__end_of_UART_Get_Next_Char            cinit        0059A
__end_of_UART_RX_Buffers_Init          text25       014B5
__end_of_UART_Transmit_one_char        text25       0149F
__end_of_UART_Transmit_string          text25       014D4
__end_of_VTG_OFF                       stringtext2  01863
__end_of_VTG_ON                        stringtext1  01849
__end_of___altoft                      text2        00C57
__end_of___awdiv                       cinit        006A5
__end_of___bmul                        text25       01722
__end_of___ftadd                       text25       01582
__end_of___ftdiv                       text25       01498
__end_of___ftge                        cinit        004E0
__end_of___ftmul                       text25       0168D
__end_of___ftneg                       text2        00EAB
__end_of___ftpack                      text25       01716
__end_of___fttol                       cinit        004B4
__end_of___lmul                        text2        00E21
__end_of___lwdiv                       cinit        0052F
__end_of___lwmod                       cinit        00582
__end_of___lwtoft                      text25       014C5
__end_of___wmul                        text2        00EA3
__end_of__initialization               cinit        00037
__end_of_atof                          text2        00E2E
__end_of_atoi                          text2        00E8E
__end_of_chaine_Init                   cinit        005A8
__end_of_configure_GPS                 text25       01232
__end_of_configure_GPS_VTG             text25       0119B
__end_of_decodage_Lat_Long             text2        00DFC
__end_of_decodage_VTG                  text2        00A7F
__end_of_decode_trame_GPS              text2        008E9
__end_of_hex_to_ascii                  text25       0143C
__end_of_init_compteur_trames          cinit        005AC
__end_of_isdigit                       text2        00C28
__end_of_isr                           intentry     00025
__end_of_isspace                       text2        00C69
__end_of_isupper                       text2        009C7
__end_of_isxdigit                      text2        009E0
__end_of_main                          cinit        0045F
__end_of_strncmp                       text2        00913
__end_of_strtod                        text2        00C1A
__end_of_tolower                       text2        009EC
__end_of_verifierCRC                   text2        0095E
__end_of_xtoi                          text2        009B9
__initialization                       cinit        00027
__pbssBANK2                            bssBANK2     00142
__pbssBIGRAM                           (abs)        02208
__pbssCOMMON                           bssCOMMON    0007B
__pcstackBANK0                         cstackBANK0  00020
__pcstackBANK1                         cstackBANK1  000A0
__pcstackBANK2                         cstackBANK2  00120
__pcstackCOMMON                        cstackCOMMON 00070
__pintentry                            intentry     00004
__pmaintext                            cinit        0003A
__pstringtext1                         stringtext1  0182F
__pstringtext10                        stringtext10 018EC
__pstringtext11                        stringtext11 018F3
__pstringtext12                        stringtext12 018FA
__pstringtext13                        stringtext13 01901
__pstringtext14                        stringtext14 01907
__pstringtext15                        stringtext15 0190C
__pstringtext16                        stringtext16 00000
__pstringtext2                         stringtext2  01849
__pstringtext3                         stringtext3  01863
__pstringtext4                         stringtext4  0187D
__pstringtext5                         stringtext5  01897
__pstringtext6                         stringtext6  018B1
__pstringtext7                         stringtext7  018CB
__pstringtext8                         stringtext8  01800
__pstringtext9                         stringtext9  018E5
__ptext1                               cinit        005A8
__ptext10                              text2        00C69
__ptext11                              text2        00E2E
__ptext12                              text2        00E21
__ptext13                              text2        00AA5
__ptext14                              text2        00C57
__ptext15                              text2        00C1A
__ptext16                              text2        00DFC
__ptext17                              text2        00EA3
__ptext18                              text2        00C28
__ptext19                              text25       01180
__ptext2                               text2        0085C
__ptext20                              text25       01204
__ptext21                              cinit        00562
__ptext22                              cinit        00665
__ptext23                              text2        00A7F
__ptext24                              text2        00E8E
__ptext25                              text25       010FA
__ptext26                              text25       0119B
__ptext27                              cinit        0059A
__ptext28                              cinit        0052F
__ptext29                              cinit        00582
__ptext3                               text2        00913
__ptext30                              text25       01582
__ptext31                              text25       01631
__ptext32                              cinit        004B4
__ptext33                              text25       0168D
__ptext34                              text25       01294
__ptext35                              cinit        0050A
__ptext36                              text25       01232
__ptext37                              text25       01359
__ptext38                              text25       0141E
__ptext39                              text25       01716
__ptext4                               text2        0095E
__ptext40                              text25       01498
__ptext41                              text25       014B5
__ptext42                              cinit        0045F
__ptext43                              text25       0143C
__ptext44                              text25       014D4
__ptext45                              text25       016D8
__ptext46                              text25       014C5
__ptext47                              text25       0149F
__ptext48                              cinit        004E0
__ptext5                               text2        009E0
__ptext6                               text2        009C7
__ptext7                               text2        009B9
__ptext8                               text2        008E9
__ptext9                               text2        00A56
__size_of_ADC_Read                     (abs)        00000
__size_of_Delay_100ms                  (abs)        00000
__size_of_Envoi_message                (abs)        00000
__size_of_Envoi_message_Erreur         (abs)        00000
__size_of_Envoi_message_service        (abs)        00000
__size_of_Measure_Vdd_VSolar_VBackup   (abs)        00000
__size_of_Processing_Temperature       (abs)        00000
__size_of_Recuperer_Temp               (abs)        00000
__size_of_Reinit_trame_GPS             (abs)        00000
__size_of_UART_Frame_Received          (abs)        00000
__size_of_UART_Get_Next_Char           (abs)        00000
__size_of_UART_RX_Buffers_Init         (abs)        00000
__size_of_UART_Transmit_one_char       (abs)        00000
__size_of_UART_Transmit_string         (abs)        00000
__size_of___altoft                     (abs)        00000
__size_of___awdiv                      (abs)        00000
__size_of___bmul                       (abs)        00000
__size_of___ftadd                      (abs)        00000
__size_of___ftdiv                      (abs)        00000
__size_of___ftge                       (abs)        00000
__size_of___ftmul                      (abs)        00000
__size_of___ftneg                      (abs)        00000
__size_of___ftpack                     (abs)        00000
__size_of___fttol                      (abs)        00000
__size_of___lmul                       (abs)        00000
__size_of___lwdiv                      (abs)        00000
__size_of___lwmod                      (abs)        00000
__size_of___lwtoft                     (abs)        00000
__size_of___wmul                       (abs)        00000
__size_of_atof                         (abs)        00000
__size_of_atoi                         (abs)        00000
__size_of_chaine_Init                  (abs)        00000
__size_of_configure_GPS                (abs)        00000
__size_of_configure_GPS_VTG            (abs)        00000
__size_of_decodage_Lat_Long            (abs)        00000
__size_of_decodage_VTG                 (abs)        00000
__size_of_decode_trame_GPS             (abs)        00000
__size_of_hex_to_ascii                 (abs)        00000
__size_of_init_compteur_trames         (abs)        00000
__size_of_isdigit                      (abs)        00000
__size_of_isr                          (abs)        00000
__size_of_isspace                      (abs)        00000
__size_of_isupper                      (abs)        00000
__size_of_isxdigit                     (abs)        00000
__size_of_main                         (abs)        00000
__size_of_strncmp                      (abs)        00000
__size_of_strtod                       (abs)        00000
__size_of_tolower                      (abs)        00000
__size_of_verifierCRC                  (abs)        00000
__size_of_xtoi                         (abs)        00000
_atof                                  text2        00E21
_atoi                                  text2        00E2E
_chaine                                (abs)        022C8
_chaine_Init                           cinit        0059A
_champsTrameGPSGGA                     (abs)        02208
_champsTrameGPSVTG                     (abs)        02390
_compteur_trames                       bssBANK2     00143
_configure_GPS                         text25       01204
_configure_GPS_VTG                     text25       01180
_decodage_Lat_Long                     text2        00C69
_decodage_VTG                          text2        00A56
_decode_trame_GPS                      text2        0085C
_hex_to_ascii                          text25       0141E
_init_compteur_trames                  cinit        005A8
_isdigit                               text2        00C1A
_isdigit$1002                          cstackCOMMON 00072
_isr                                   intentry     00004
_isspace                               text2        00C57
_isspace$1005                          cstackCOMMON 00072
_isupper                               text2        009B9
_isupper$1084                          cstackCOMMON 00072
_isxdigit                              text2        009C7
_isxdigit$1088                         cstackCOMMON 00074
_main                                  cinit        0003A
_main$1275                             cstackBANK2  00130
_main$1276                             cstackBANK2  00132
_main$1277                             cstackBANK0  0006D
_main$1278                             cstackBANK1  000D2
_main$1279                             cstackBANK1  000D4
_main$1280                             cstackBANK1  000D5
_nb_ko_modem                           bssBANK2     00142
_strncmp                               text2        008E9
_strtod                                text2        00AA5
_tolower                               text2        009E0
_verifierCRC                           text2        00913
_xtoi                                  text2        0095E
atof@s                                 cstackBANK0  0004B
atoi@a                                 cstackBANK0  00025
atoi@s                                 cstackCOMMON 00078
atoi@sign                              cstackBANK0  00024
btemp                                  (abs)        0007E
chaine_Init@i                          cstackCOMMON 00072
clear_ram0                             clrtext      006A5
decodage_Lat_Long@Char_temp            cstackBANK0  0005C
decodage_Lat_Long@Lat                  cstackBANK0  00057
decodage_Lat_Long@Long                 cstackBANK0  0004E
decodage_Lat_Long@Long_temp            cstackBANK0  00058
decodage_Lat_Long@dopBis               cstackBANK0  0004F
decodage_Lat_Long@dop_f                cstackBANK0  00054
decodage_VTG@cap                       cstackCOMMON 0007A
decodage_VTG@vitesse                   cstackBANK0  0004E
decode_trame_GPS@caract                cstackBANK0  0003C
decode_trame_GPS@flagGPS               cstackBANK0  00038
decode_trame_GPS@i                     cstackBANK0  00039
decode_trame_GPS@j                     cstackBANK0  0003A
decode_trame_GPS@k                     cstackBANK0  0003B
end_of_initialization                  cinit        00037
hex_to_ascii@a                         cstackCOMMON 00077
hex_to_ascii@b                         cstackCOMMON 00076
hex_to_ascii@hex                       cstackCOMMON 00075
int$flags                              (abs)        0007E
intlevel0                              functab      00000
intlevel1                              functab      00000
intlevel2                              functab      00000
intlevel3                              functab      00000
intlevel4                              functab      00000
intlevel5                              functab      00000
isdigit@c                              cstackCOMMON 00073
isspace@c                              cstackCOMMON 00073
isupper@c                              cstackCOMMON 00073
isxdigit@c                             cstackCOMMON 00075
main@Lat                               cstackBANK2  00138
main@Long                              cstackBANK2  00134
main@VBackup                           cstackBANK2  0013F
main@VBackup_max                       cstackBANK2  00129
main@VBackup_min                       cstackBANK2  00126
main@VSolar                            cstackBANK2  0013C
main@Vdd                               cstackBANK2  00122
main@actual_temp                       cstackBANK2  00125
main@cap                               cstackBANK1  000EB
main@count_confirmation                cstackBANK1  000E0
main@cpt_reveil                        cstackBANK1  000E6
main@cpt_reveil_service                cstackBANK1  000E2
main@cpt_timeout                       cstackBANK1  000DE
main@cpt_timeout2                      cstackBANK1  000D8
main@cpt_timeout3                      cstackBANK1  000DA
main@day_status                        cstackBANK2  0012C
main@dopBis                            cstackBANK2  0012F
main@flag_protect                      cstackBANK1  000E1
main@index_temp_old                    cstackBANK2  0012D
main@nb_slot_protec                    cstackBANK1  000EE
main@old_state_s                       cstackBANK1  000D7
main@state_s                           cstackBANK2  0012E
main@tab_temp                          cstackBANK1  000A0
main@temp_char                         cstackBANK0  0006F
main@temp_max                          cstackBANK2  00121
main@temp_min                          cstackBANK2  00120
main@temp_moy                          cstackBANK1  000E4
main@temp_short                        cstackBANK1  000DC
main@temp_uchar                        cstackBANK1  000D6
main@vitesse                           cstackBANK1  000E8
reset_vec                              reset_vec    00000
stackhi                                (abs)        02207
stacklo                                (abs)        020C5
start                                  init         00025
start_initialization                   cinit        00027
strncmp@len                            cstackCOMMON 00076
strncmp@s1                             cstackCOMMON 00072
strncmp@s2                             cstackCOMMON 00074
strtod@_u                              cstackBANK0  00047
strtod@eexp                            cstackBANK0  00044
strtod@expon                           cstackBANK0  00046
strtod@flags                           cstackBANK0  00045
strtod@res                             cstackBANK0  00043
strtod@s                               cstackBANK0  00041
tolower@c                              cstackCOMMON 00072
verifierCRC@crc                        cstackBANK0  00029
verifierCRC@i                          cstackBANK0  0002D
verifierCRC@result                     cstackBANK0  0002C
verifierCRC@trameGPS                   cstackBANK0  00025
wtemp0                                 (abs)        0007E
xtoi@c                                 cstackBANK0  00024
xtoi@s                                 cstackBANK0  00023
xtoi@sign                              cstackBANK0  00020
xtoi@val                               cstackBANK0  00021


FUNCTION INFORMATION:

 *************** function _main *****************
 Defined at:
		line 142 in file "../Sources/main.c"
 Parameters:    Size  Location     Type
		None
 Auto vars:     Size  Location     Type
  tab_temp       50    0[BANK1 ] char [50]
  Lat             4   24[BANK2 ] unsigned long 
  Long            4   20[BANK2 ] unsigned long 
  VBackup         3   31[BANK2 ] float 
  VSolar          3   28[BANK2 ] float 
  VBackup_max     3    9[BANK2 ] float 
  VBackup_min     3    6[BANK2 ] float 
  Vdd             3    2[BANK2 ] float 
  cap             3   75[BANK1 ] float 
  vitesse         3   72[BANK1 ] float 
  nb_slot_prot    2   78[BANK1 ] unsigned short 
  cpt_reveil      2   70[BANK1 ] unsigned short 
  temp_moy        2   68[BANK1 ] short 
  cpt_reveil_s    2   66[BANK1 ] unsigned short 
  cpt_timeout     2   62[BANK1 ] unsigned short 
  temp_short      2   60[BANK1 ] unsigned short 
  cpt_timeout3    2   58[BANK1 ] unsigned short 
  cpt_timeout2    2   56[BANK1 ] unsigned short 
  dopBis          1   15[BANK2 ] unsigned char 
  state_s         1   14[BANK2 ] unsigned char 
  index_temp_o    1   13[BANK2 ] unsigned char 
  day_status      1   12[BANK2 ] unsigned char 
  actual_temp     1    5[BANK2 ] char 
  temp_max        1    1[BANK2 ] char 
  temp_min        1    0[BANK2 ] char 
  flag_protect    1   65[BANK1 ] unsigned char 
  count_confir    1   64[BANK1 ] unsigned char 
  old_state_s     1   55[BANK1 ] unsigned char 
  temp_uchar      1   54[BANK1 ] unsigned char 
  temp_char       1   79[BANK0 ] char 
  compteur_tra    1    0        unsigned char 
 Return value:  Size  Location     Type
                  1    wreg      void 
 Registers used:
		wreg, fsr0l, fsr0h, fsr1l, fsr1h, status,2, status,0, pclath, cstack
 Tracked objects:
		On entry : 
		On exit  : 
		Unchanged: 
 Data sizes:     COMMON   BANK0   BANK1   BANK2   BANK3   BANK4   BANK5   BANK6   BANK7   BANK8   BANK9  BANK10  BANK11  BANK12
      Params:         0       0       0       0       0       0       0       0       0       0       0       0       0       0
      Locals:         0       3      80      34       0       0       0       0       0       0       0       0       0       0
      Temps:          0       0       0       0       0       0       0       0       0       0       0       0       0       0
      Totals:         0       3      80      34       0       0       0       0       0       0       0       0       0       0
Total ram usage:      117 bytes
 Hardware stack levels required when called:    6
 This function calls:
		_Delay_100ms
		_Envoi_message
		_Envoi_message_Erreur
		_Envoi_message_service
		_Measure_Vdd_VSolar_VBackup
		_Processing_Temperature
		_Reinit_trame_GPS
		_UART_Frame_Received
		_UART_RX_Buffers_Init
		___awdiv
		___ftdiv
		___ftge
		___fttol
		___lwdiv
		___lwmod
		_chaine_Init
		_configure_GPS
		_configure_GPS_VTG
		_decodage_Lat_Long
		_decodage_VTG
		_decode_trame_GPS
		_init_compteur_trames
 This function is called by:
		Startup code after reset
 This function uses a non-reentrant model


 *************** function _init_compteur_trames *****************
 Defined at:
		line 12 in file "../Sources/modem.c"
 Parameters:    Size  Location     Type
		None
 Auto vars:     Size  Location     Type
		None
 Return value:  Size  Location     Type
                  1    wreg      void 
 Registers used:
		status,2
 Tracked objects:
		On entry : 
		On exit  : 
		Unchanged: 
 Data sizes:     COMMON   BANK0   BANK1   BANK2   BANK3   BANK4   BANK5   BANK6   BANK7   BANK8   BANK9  BANK10  BANK11  BANK12
      Params:         0       0       0       0       0       0       0       0       0       0       0       0       0       0
      Locals:         0       0       0       0       0       0       0       0       0       0       0       0       0       0
      Temps:          0       0       0       0       0       0       0       0       0       0       0       0       0       0
      Totals:         0       0       0       0       0       0       0       0       0       0       0       0       0       0
Total ram usage:        0 bytes
 Hardware stack levels used:    1
 Hardware stack levels required when called:    1
 This function calls:
		Nothing
 This function is called by:
		_main
 This function uses a non-reentrant model


 *************** function _decode_trame_GPS *****************
 Defined at:
		line 66 in file "../Sources/gps.c"
 Parameters:    Size  Location     Type
		None
 Auto vars:     Size  Location     Type
  caract          1   28[BANK0 ] unsigned char 
  k               1   27[BANK0 ] unsigned char 
  j               1   26[BANK0 ] unsigned char 
  i               1   25[BANK0 ] unsigned char 
  flagGPS         1   24[BANK0 ] unsigned char 
 Return value:  Size  Location     Type
                  1    wreg      unsigned char 
 Registers used:
		wreg, fsr0l, fsr0h, fsr1l, fsr1h, status,2, status,0, pclath, cstack
 Tracked objects:
		On entry : 
		On exit  : 
		Unchanged: 
 Data sizes:     COMMON   BANK0   BANK1   BANK2   BANK3   BANK4   BANK5   BANK6   BANK7   BANK8   BANK9  BANK10  BANK11  BANK12
      Params:         0       0       0       0       0       0       0       0       0       0       0       0       0       0
      Locals:         0       5       0       0       0       0       0       0       0       0       0       0       0       0
      Temps:          0      10       0       0       0       0       0       0       0       0       0       0       0       0
      Totals:         0      15       0       0       0       0       0       0       0       0       0       0       0       0
Total ram usage:       15 bytes
 Hardware stack levels used:    1
 Hardware stack levels required when called:    5
 This function calls:
		___wmul
		_chaine_Init
		_strncmp
		_verifierCRC
 This function is called by:
		_main
 This function uses a non-reentrant model


 *************** function _verifierCRC *****************
 Defined at:
		line 122 in file "../Sources/gps.c"
 Parameters:    Size  Location     Type
  trameGPS        2    5[BANK0 ] PTR unsigned char 
		 -> chaine(100), 
 Auto vars:     Size  Location     Type
  crc             3    9[BANK0 ] unsigned char [3]
  i               1   13[BANK0 ] unsigned char 
  result          1   12[BANK0 ] unsigned char 
 Return value:  Size  Location     Type
                  1    wreg      unsigned char 
 Registers used:
		wreg, fsr1l, fsr1h, status,2, status,0, pclath, cstack
 Tracked objects:
		On entry : 
		On exit  : 
		Unchanged: 
 Data sizes:     COMMON   BANK0   BANK1   BANK2   BANK3   BANK4   BANK5   BANK6   BANK7   BANK8   BANK9  BANK10  BANK11  BANK12
[...]
      Locals:         0       3       0       0       0       0       0       0       0       0       0       0       0       0
      Temps:          0       3       0       0       0       0       0       0       0       0       0       0       0       0
      Totals:         0      12       0       0       0       0       0       0       0       0       0       0       0       0
Total ram usage:       12 bytes
 Hardware stack levels used:    1
 Hardware stack levels required when called:    2
 This function calls:
		___ftpack
 This function is called by:
		_Envoi_message
 This function uses a non-reentrant model


 *************** function ___ftpack *****************
 Defined at:
		line 62 in file "C:\Program Files (x86)\Microchip\xc8\v1.44\sources\common\float.c"
 Parameters:    Size  Location     Type
  arg             3    2[COMMON] unsigned um
  exp             1    5[COMMON] unsigned char 
  sign            1    6[COMMON] unsigned char 
 Auto vars:     Size  Location     Type
		None
 Return value:  Size  Location     Type
                  3    2[COMMON] float 
 Registers used:
		wreg, status,2, status,0
 Tracked objects:
		On entry : 
		On exit  : 
		Unchanged: 
 Data sizes:     COMMON   BANK0   BANK1   BANK2   BANK3   BANK4   BANK5   BANK6   BANK7   BANK8   BANK9  BANK10  BANK11  BANK12
      Params:         5       0       0       0       0       0       0       0       0       0       0       0       0       0
      Locals:         0       0       0       0       0       0       0       0       0       0       0       0       0       0
      Temps:          3       0       0       0       0       0       0       0       0       0       0       0       0       0
      Totals:         8       0       0       0       0       0       0       0       0       0       0       0       0       0
Total ram usage:        8 bytes
 Hardware stack levels used:    1
 Hardware stack levels required when called:    1
 This function calls:
		Nothing
 This function is called by:
		___altoft
		___ftadd
		___ftdiv
		___ftmul
		___lwtoft
 This function uses a non-reentrant model


 *************** function _UART_Transmit_string *****************
 Defined at:
		line 39 in file "../Sources/serial.c"
 Parameters:    Size  Location     Type
  tx              2    2[COMMON] PTR const unsigned char 
		 -> VTG_ON(26), GGA_OFF(26), VTG_OFF(26), GGA_ON(26), 
		 -> RMC(26), GSV(26), GSA(26), GGL(26), 
		 -> STR_8(21), STR_7(6), STR_6(7), STR_5(5), 
		 -> STR_3(7), STR_2(7), STR_1(7), 
 Auto vars:     Size  Location     Type
  a               1    7[COMMON] unsigned char 
 Return value:  Size  Location     Type
                  1    wreg      void 
 Registers used:
		wreg, fsr0l, fsr0h, status,2, status,0, pclath
 Tracked objects:
		On entry : 
		On exit  : 
		Unchanged: 
 Data sizes:     COMMON   BANK0   BANK1   BANK2   BANK3   BANK4   BANK5   BANK6   BANK7   BANK8   BANK9  BANK10  BANK11  BANK12
      Params:         2       0       0       0       0       0       0       0       0       0       0       0       0       0
      Locals:         1       0       0       0       0       0       0       0       0       0       0       0       0       0
      Temps:          3       0       0       0       0       0       0       0       0       0       0       0       0       0
      Totals:         6       0       0       0       0       0       0       0       0       0       0       0       0       0
Total ram usage:        6 bytes
 Hardware stack levels used:    1
 Hardware stack levels required when called:    1
 This function calls:
		Nothing
 This function is called by:
		_Envoi_message
		_Envoi_message_Erreur
		_Envoi_message_service
		_Recuperer_Temp
		_configure_GPS
		_configure_GPS_VTG
 This function uses a non-reentrant model


 *************** function _UART_RX_Buffers_Init *****************
 Defined at:
		line 26 in file "../Sources/serial.c"
 Parameters:    Size  Location     Type
		None
 Auto vars:     Size  Location     Type
  i               1    4[COMMON] unsigned char 
 Return value:  Size  Location     Type
                  1    wreg      void 
 Registers used:
		wreg, fsr1l, fsr1h, status,2, status,0
 Tracked objects:
		On entry : 
		On exit  : 
		Unchanged: 
 Data sizes:     COMMON   BANK0   BANK1   BANK2   BANK3   BANK4   BANK5   BANK6   BANK7   BANK8   BANK9  BANK10  BANK11  BANK12
      Params:         0       0       0       0       0       0       0       0       0       0       0       0       0       0
      Locals:         1       0       0       0       0       0       0       0       0       0       0       0       0       0
      Temps:          2       0       0       0       0       0       0       0       0       0       0       0       0       0
      Totals:         3       0       0       0       0       0       0       0       0       0       0       0       0       0
Total ram usage:        3 bytes
 Hardware stack levels used:    1
 Hardware stack levels required when called:    1
 This function calls:
		Nothing
 This function is called by:
		_main
		_Envoi_message
		_Envoi_message_Erreur
		_Envoi_message_service
		_Recuperer_Temp
		_configure_GPS_VTG
 This function uses a non-reentrant model


 *************** function _Delay_100ms *****************
 Defined at:
		line 5 in file "../Sources/globals.c"
 Parameters:    Size  Location     Type
  duree           2    2[COMMON] unsigned short 
 Auto vars:     Size  Location     Type
  i               2    5[COMMON] unsigned short 
 Return value:  Size  Location     Type
                  1    wreg      void 
 Registers used:
		wreg, status,2, status,0
 Tracked objects:
		On entry : 
		On exit  : 
		Unchanged: 
 Data sizes:     COMMON   BANK0   BANK1   BANK2   BANK3   BANK4   BANK5   BANK6   BANK7   BANK8   BANK9  BANK10  BANK11  BANK12
      Params:         2       0       0       0       0       0       0       0       0       0       0       0       0       0
      Locals:         2       0       0       0       0       0       0       0       0       0       0       0       0       0
      Temps:          1       0       0       0       0       0       0       0       0       0       0       0       0       0
      Totals:         5       0       0       0       0       0       0       0       0       0       0       0       0       0
Total ram usage:        5 bytes
 Hardware stack levels used:    1
 Hardware stack levels required when called:    1
 This function calls:
		Nothing
 This function is called by:
		_main
		_Envoi_message
		_Envoi_message_Erreur
		_Envoi_message_service
		_Recuperer_Temp
		_configure_GPS
		_configure_GPS_VTG
 This function uses a non-reentrant model


 *************** function _isr *****************
 Defined at:
		line 7 in file "../Sources/interrupts.c"
 Parameters:    Size  Location     Type
		None
 Auto vars:     Size  Location     Type
		None
 Return value:  Size  Location     Type
                  1    wreg      void 
 Registers used:
		wreg, fsr1l, fsr1h, status,2, status,0
 Tracked objects:
		On entry : 
		On exit  : 
		Unchanged: 
 Data sizes:     COMMON   BANK0   BANK1   BANK2   BANK3   BANK4   BANK5   BANK6   BANK7   BANK8   BANK9  BANK10  BANK11  BANK12
      Params:         0       0       0       0       0       0       0       0       0       0       0       0       0       0
      Locals:         0       0       0       0       0       0       0       0       0       0       0       0       0       0
      Temps:          2       0       0       0       0       0       0       0       0       0       0       0       0       0
      Totals:         2       0       0       0       0       0       0       0       0       0       0       0       0       0
Total ram usage:        2 bytes
 Hardware stack levels used:    1
 This function calls:
		Nothing
 This function is called by:
		Interrupt level 1
 This function uses a non-reentrant model



MODULE INFORMATION

Module		Function		Class		Link	Load	Size
C:\Program Files (x86)\Microchip\xc8\v1.44\sources\common\altoft.c
		___altoft      		CODE           	0C28	0000	48

C:\Program Files (x86)\Microchip\xc8\v1.44\sources\common\altoft.c estimated size: 48

C:\Program Files (x86)\Microchip\xc8\v1.44\sources\common\lwmod.c
		___lwmod       		CODE           	0562	0000	33

C:\Program Files (x86)\Microchip\xc8\v1.44\sources\common\lwmod.c estimated size: 33

C:\Program Files (x86)\Microchip\xc8\v1.44\sources\common\isxdigit.c
		_isxdigit      		CODE           	09C7	0000	26

C:\Program Files (x86)\Microchip\xc8\v1.44\sources\common\isxdigit.c estimated size: 26

C:\Program Files (x86)\Microchip\xc8\v1.44\sources\common\isupper.c
		_isupper       		CODE           	09B9	0000	15

C:\Program Files (x86)\Microchip\xc8\v1.44\sources\common\isupper.c estimated size: 15

C:\Program Files (x86)\Microchip\xc8\v1.44\sources\common\lwtoft.c
		___lwtoft      		CODE           	14B5	0000	17

C:\Program Files (x86)\Microchip\xc8\v1.44\sources\common\lwtoft.c estimated size: 17

../Sources/main.c
		_main          		CODE           	003A	0000	1062
		_Processing_Temperature		CODE           	10FA	0000	135
		_Measure_Vdd_VSolar_VBackup		CODE           	1582	0000	176

../Sources/main.c estimated size: 1373

C:\Program Files (x86)\Microchip\xc8\v1.44\sources\common\atof.c
		_atof          		CODE           	0E21	0000	14
		_strtod        		CODE           	0AA5	0000	374

C:\Program Files (x86)\Microchip\xc8\v1.44\sources\common\atof.c estimated size: 388

C:\Program Files (x86)\Microchip\xc8\v1.44\sources\common\ftmul.c
		___ftmul       		CODE           	1631	0000	93

C:\Program Files (x86)\Microchip\xc8\v1.44\sources\common\ftmul.c estimated size: 93

C:\Program Files (x86)\Microchip\xc8\v1.44\sources\common\isspace.c
		_isspace       		CODE           	0C57	0000	19

C:\Program Files (x86)\Microchip\xc8\v1.44\sources\common\isspace.c estimated size: 19

C:\Program Files (x86)\Microchip\xc8\v1.44\sources\common\ftdiv.c
		___ftdiv       		CODE           	143C	0000	93

C:\Program Files (x86)\Microchip\xc8\v1.44\sources\common\ftdiv.c estimated size: 93

C:\Program Files (x86)\Microchip\xc8\v1.44\sources\common\tolower.c
		_tolower       		CODE           	09E0	0000	13

C:\Program Files (x86)\Microchip\xc8\v1.44\sources\common\tolower.c estimated size: 13

C:\Program Files (x86)\Microchip\xc8\v1.44\sources\common\strncmp.c
		_strncmp       		CODE           	08E9	0000	43

C:\Program Files (x86)\Microchip\xc8\v1.44\sources\common\strncmp.c estimated size: 43

C:\Program Files (x86)\Microchip\xc8\v1.44\sources\common\ftge.c
		___ftge        		CODE           	04B4	0000	45

C:\Program Files (x86)\Microchip\xc8\v1.44\sources\common\ftge.c estimated size: 45

C:\Program Files (x86)\Microchip\xc8\v1.44\sources\common\lwdiv.c
		___lwdiv       		CODE           	050A	0000	38

C:\Program Files (x86)\Microchip\xc8\v1.44\sources\common\lwdiv.c estimated size: 38

../Sources/adc.c
		_ADC_Read      		CODE           	168D	0000	76

../Sources/adc.c estimated size: 76

../Sources/gps.c
		_configure_GPS 		CODE           	1204	0000	47
		_Reinit_trame_GPS		CODE           	0A7F	0000	39
		_decode_trame_GPS		CODE           	085C	0000	142
		_decodage_VTG  		CODE           	0A56	0000	42
		_verifierCRC   		CODE           	0913	0000	76
		_configure_GPS_VTG		CODE           	1180	0000	28
		_decodage_Lat_Long		CODE           	0C69	0000	404

../Sources/gps.c estimated size: 778

../Sources/globals.c
		_Delay_100ms   		CODE           	04E0	0000	43

../Sources/globals.c estimated size: 43

C:\Program Files (x86)\Microchip\xc8\v1.44\sources\common\Umul8.c
		___bmul        		CODE           	1716	0000	13

C:\Program Files (x86)\Microchip\xc8\v1.44\sources\common\Umul8.c estimated size: 13

C:\Program Files (x86)\Microchip\xc8\v1.44\sources\common\Umul16.c
		___wmul        		CODE           	0E8E	0000	22

C:\Program Files (x86)\Microchip\xc8\v1.44\sources\common\Umul16.c estimated size: 22

C:\Program Files (x86)\Microchip\xc8\v1.44\sources\common\xtoi.c
		_xtoi          		CODE           	095E	0000	92

C:\Program Files (x86)\Microchip\xc8\v1.44\sources\common\xtoi.c estimated size: 92

C:\Program Files (x86)\Microchip\xc8\v1.44\sources\common\fttol.c
		___fttol       		CODE           	045F	0000	86

C:\Program Files (x86)\Microchip\xc8\v1.44\sources\common\fttol.c estimated size: 86

shared
		PL12           		CODE           	0F05	0000	13
		PL50           		CODE           	1739	0000	11
		PL8            		CODE           	0EFD	0000	9
		PL22           		CODE           	09EC	0000	10
		PL60           		CODE           	061A	0000	7
		PL178          		CODE           	17F7	0000	6
		PL100          		CODE           	0F9C	0000	7
		PL32           		CODE           	1722	0000	14
		PL70           		CODE           	1759	0000	13
		PL42           		CODE           	0609	0000	10
		PL80           		CODE           	1777	0000	8
		PL110          		CODE           	0FAB	0000	9
		PL14           		CODE           	05C3	0000	20
		PL52           		CODE           	0F59	0000	11
		PL90           		CODE           	0F8A	0000	12
		PL24           		CODE           	0F24	0000	9
		PL62           		CODE           	0620	0000	13
		PL120          		CODE           	17B1	0000	9
		PL34           		CODE           	05EC	0000	13
		PL72           		CODE           	1765	0000	13
		_GGA_OFF       		STRCODE        	187D	0000	27
		PL44           		CODE           	0612	0000	9
		PL82           		CODE           	0F83	0000	8
		PL130          		CODE           	0647	0000	8
		PL16           		CODE           	0F11	0000	11
		PL54           		CODE           	0F63	0000	9
		PL92           		CODE           	0A1B	0000	11
		PL26           		CODE           	05E3	0000	10
		PL64           		CODE           	0A0E	0000	14
		PL102          		CODE           	17A3	0000	7
		PL140          		CODE           	17D4	0000	8
		PL36           		CODE           	0F36	0000	20
		PL74           		CODE           	0F71	0000	7
		PL46           		CODE           	0F49	0000	17
		PL84           		CODE           	177E	0000	9
		PL112          		CODE           	17A9	0000	9
		PL150          		CODE           	0654	0000	6
		PL18           		CODE           	0F1B	0000	10
		PL56           		CODE           	1743	0000	16
		PL94           		CODE           	0A25	0000	11
		PL28           		CODE           	09F5	0000	26
		PL66           		CODE           	062C	0000	14
		PL122          		CODE           	17B9	0000	7
		PL160          		CODE           	17E8	0000	7
		PL38           		CODE           	05F8	0000	9
		PL76           		CODE           	1771	0000	7
		_GSV           		STRCODE        	18B1	0000	27
		PL48           		CODE           	172F	0000	11
		PL86           		CODE           	1786	0000	12
		PL132          		CODE           	0A2F	0000	8
		PL170          		CODE           	0A42	0000	6
		PL58           		CODE           	0F6B	0000	7
		PL96           		CODE           	179C	0000	8
		PL68           		CODE           	1752	0000	8
		PL104          		CODE           	0639	0000	10
		PL142          		CODE           	17DB	0000	8
		PL180          		CODE           	0A4C	0000	6
		PL78           		CODE           	0F77	0000	13
		_GSA           		STRCODE        	18CB	0000	27
		PL88           		CODE           	1791	0000	12
		PL114          		CODE           	0FB3	0000	9
		PL152          		CODE           	17E2	0000	7
		PL98           		CODE           	0F95	0000	8
		_VTG_ON        		STRCODE        	182F	0000	27
		PL124          		CODE           	0FCB	0000	7
		PL162          		CODE           	0FEC	0000	6
		_RMC           		STRCODE        	1897	0000	27
		__initialization		CODE           	0027	0000	17
		PL134          		CODE           	17C6	0000	8
		PL172          		CODE           	17F3	0000	5
		PL106          		CODE           	0FA2	0000	10
		PL144          		CODE           	0FDF	0000	8
		PL182          		CODE           	0FFB	0000	6
		PL116          		CODE           	0FBB	0000	9
		PL154          		CODE           	0A36	0000	7
		_GGL           		STRCODE        	1800	0000	27
		PL126          		CODE           	17BF	0000	8
		PL164          		CODE           	0A3C	0000	7
		PL136          		CODE           	17CD	0000	8
		PL174          		CODE           	0A47	0000	6
		PL108          		CODE           	0642	0000	6
		PL146          		CODE           	064E	0000	7
		PL184          		CODE           	17FC	0000	5
		_GGA_ON        		STRCODE        	1863	0000	27
		PL118          		CODE           	0FC3	0000	9
		PL156          		CODE           	0659	0000	7
		PL128          		CODE           	0FD1	0000	8
		PL166          		CODE           	17EE	0000	6
		_VTG_OFF       		STRCODE        	1849	0000	27
		PL138          		CODE           	0FD8	0000	8
		PL176          		CODE           	0FF6	0000	6
		PL2            		CODE           	0EAB	0000	39
		PL148          		CODE           	0FE6	0000	7
		PL186          		CODE           	0A51	0000	6
		PL10           		CODE           	05AC	0000	24
		PL4            		CODE           	0ED1	0000	38
		PL20           		CODE           	05D6	0000	14
		PL158          		CODE           	065F	0000	7
		PL30           		CODE           	0F2C	0000	11
		PL6            		CODE           	0EF6	0000	8
		PL40           		CODE           	0600	0000	10
		PL168          		CODE           	0FF1	0000	6

shared estimated size: 1180

C:\Program Files (x86)\Microchip\xc8\v1.44\sources\common\awdiv.c
		___awdiv       		CODE           	0665	0000	65

C:\Program Files (x86)\Microchip\xc8\v1.44\sources\common\awdiv.c estimated size: 65

../Sources/serial.c
		_UART_Transmit_string		CODE           	14C5	0000	16
		_UART_Transmit_one_char		CODE           	1498	0000	8
		_chaine_Init   		CODE           	059A	0000	15
		_UART_Frame_Received		CODE           	052F	0000	52
		_UART_Get_Next_Char		CODE           	0582	0000	25
		_UART_RX_Buffers_Init		CODE           	149F	0000	23

../Sources/serial.c estimated size: 139

../Sources/interrupts.c
		_isr           		CODE           	0004	0000	34

../Sources/interrupts.c estimated size: 34

C:\Program Files (x86)\Microchip\xc8\v1.44\sources\common\atoi.c
		_atoi          		CODE           	0E2E	0000	97

C:\Program Files (x86)\Microchip\xc8\v1.44\sources\common\atoi.c estimated size: 97

C:\Program Files (x86)\Microchip\xc8\v1.44\sources\common\ftadd.c
		___ftadd       		CODE           	14D4	0000	175

C:\Program Files (x86)\Microchip\xc8\v1.44\sources\common\ftadd.c estimated size: 175

../Sources/modem.c
		_Recuperer_Temp		CODE           	119B	0000	106
		_hex_to_ascii  		CODE           	141E	0000	31
		_init_compteur_trames		CODE           	05A8	0000	5
		_Envoi_message 		CODE           	1359	0000	198
		_Envoi_message_service		CODE           	1294	0000	198
		_Envoi_message_Erreur		CODE           	1232	0000	99

../Sources/modem.c estimated size: 637

C:\Program Files (x86)\Microchip\xc8\v1.44\sources\common\isdigit.c
		_isdigit       		CODE           	0C1A	0000	15

C:\Program Files (x86)\Microchip\xc8\v1.44\sources\common\isdigit.c estimated size: 15

C:\Program Files (x86)\Microchip\xc8\v1.44\sources\common\Umul32.c
		___lmul        		CODE           	0DFC	0000	38

C:\Program Files (x86)\Microchip\xc8\v1.44\sources\common\Umul32.c estimated size: 38

C:\Program Files (x86)\Microchip\xc8\v1.44\sources\common\ftneg.c
		___ftneg       		CODE           	0EA3	0000	9

C:\Program Files (x86)\Microchip\xc8\v1.44\sources\common\ftneg.c estimated size: 9

C:\Program Files (x86)\Microchip\xc8\v1.44\sources\common\float.c
		___ftpack      		CODE           	16D8	0000	63

C:\Program Files (x86)\Microchip\xc8\v1.44\sources\common\float.c estimated size: 63

